2025/03/23 06:13:38 [error] 31#31: *1 open() "/usr/share/nginx/html/favicon.ico" failed (2: No such file or directory), client: 172.18.0.1, server: localhost, request: "GET /favicon.ico HTTP/1.1", host: "localhost", referrer: "http://localhost/"
2025/03/23 06:13:46 [error] 31#31: *1 open() "/usr/share/nginx/html/api/orders" failed (2: No such file or directory), client: 172.18.0.1, server: localhost, request: "GET /api/orders HTTP/1.1", host: "localhost", referrer: "http://localhost/"
2025/03/23 06:13:46 [error] 31#31: *1 open() "/usr/share/nginx/html/api/products" failed (2: No such file or directory), client: 172.18.0.1, server: localhost, request: "GET /api/products HTTP/1.1", host: "localhost", referrer: "http://localhost/"
2025/03/23 06:13:46 [error] 30#30: *2 open() "/usr/share/nginx/html/api/users" failed (2: No such file or directory), client: 172.18.0.1, server: localhost, request: "GET /api/users HTTP/1.1", host: "localhost", referrer: "http://localhost/"
2025/03/23 06:13:46 [error] 31#31: *1 open() "/usr/share/nginx/html/api/products" failed (2: No such file or directory), client: 172.18.0.1, server: localhost, request: "GET /api/products HTTP/1.1", host: "localhost", referrer: "http://localhost/"
2025/03/23 06:13:46 [error] 31#31: *1 open() "/usr/share/nginx/html/api/products" failed (2: No such file or directory), client: 172.18.0.1, server: localhost, request: "GET /api/products HTTP/1.1", host: "localhost", referrer: "http://localhost/"
2025/03/23 06:13:46 [error] 32#32: *4 open() "/usr/share/nginx/html/api/orders" failed (2: No such file or directory), client: 172.18.0.1, server: localhost, request: "GET /api/orders HTTP/1.1", host: "localhost", referrer: "http://localhost/"
2025/03/23 06:13:46 [error] 32#32: *3 open() "/usr/share/nginx/html/api/analytics" failed (2: No such file or directory), client: 172.18.0.1, server: localhost, request: "GET /api/analytics HTTP/1.1", host: "localhost", referrer: "http://localhost/"
2025/03/23 06:13:46 [error] 32#32: *3 open() "/usr/share/nginx/html/api/analytics" failed (2: No such file or directory), client: 172.18.0.1, server: localhost, request: "GET /api/analytics HTTP/1.1", host: "localhost", referrer: "http://localhost/"
2025/03/23 06:13:46 [error] 32#32: *3 open() "/usr/share/nginx/html/api/analytics" failed (2: No such file or directory), client: 172.18.0.1, server: localhost, request: "GET /api/analytics HTTP/1.1", host: "localhost", referrer: "http://localhost/"
2025/03/23 06:13:46 [error] 32#32: *3 open() "/usr/share/nginx/html/api/analytics" failed (2: No such file or directory), client: 172.18.0.1, server: localhost, request: "GET /api/analytics HTTP/1.1", host: "localhost", referrer: "http://localhost/"
2025/03/23 06:15:52 [error] 33#33: *5 open() "/usr/share/nginx/html/api/products/nonexistent566" failed (2: No such file or directory), client: 172.18.0.1, server: localhost, request: "GET /api/products/nonexistent566 HTTP/1.1", host: "localhost", referrer: "http://localhost/"
2025/03/23 06:15:52 [error] 34#34: *6 open() "/usr/share/nginx/html/api/settings/nonexistent538" failed (2: No such file or directory), client: 172.18.0.1, server: localhost, request: "GET /api/settings/nonexistent538 HTTP/1.1", host: "localhost", referrer: "http://localhost/"
2025/03/23 06:15:52 [error] 35#35: *8 open() "/usr/share/nginx/html/api/products/nonexistent671" failed (2: No such file or directory), client: 172.18.0.1, server: localhost, request: "GET /api/products/nonexistent671 HTTP/1.1", host: "localhost", referrer: "http://localhost/"
2025/03/23 06:15:52 [error] 35#35: *7 open() "/usr/share/nginx/html/api/settings/nonexistent739" failed (2: No such file or directory), client: 172.18.0.1, server: localhost, request: "GET /api/settings/nonexistent739 HTTP/1.1", host: "localhost", referrer: "http://localhost/"
2025/03/23 06:15:52 [error] 33#33: *5 open() "/usr/share/nginx/html/api/analytics/nonexistent2" failed (2: No such file or directory), client: 172.18.0.1, server: localhost, request: "GET /api/analytics/nonexistent2 HTTP/1.1", host: "localhost", referrer: "http://localhost/"
2025/03/23 06:15:52 [error] 34#34: *6 open() "/usr/share/nginx/html/api/products/nonexistent221" failed (2: No such file or directory), client: 172.18.0.1, server: localhost, request: "GET /api/products/nonexistent221 HTTP/1.1", host: "localhost", referrer: "http://localhost/"
2025/03/23 06:15:52 [error] 35#35: *8 open() "/usr/share/nginx/html/api/orders/nonexistent27" failed (2: No such file or directory), client: 172.18.0.1, server: localhost, request: "GET /api/orders/nonexistent27 HTTP/1.1", host: "localhost", referrer: "http://localhost/"
2025/03/23 06:15:52 [error] 35#35: *7 open() "/usr/share/nginx/html/api/settings/nonexistent751" failed (2: No such file or directory), client: 172.18.0.1, server: localhost, request: "GET /api/settings/nonexistent751 HTTP/1.1", host: "localhost", referrer: "http://localhost/"
2025/03/23 06:15:52 [error] 36#36: *9 open() "/usr/share/nginx/html/api/analytics/nonexistent701" failed (2: No such file or directory), client: 172.18.0.1, server: localhost, request: "GET /api/analytics/nonexistent701 HTTP/1.1", host: "localhost", referrer: "http://localhost/"
2025/03/23 06:15:52 [error] 37#37: *10 open() "/usr/share/nginx/html/api/products/nonexistent0" failed (2: No such file or directory), client: 172.18.0.1, server: localhost, request: "GET /api/products/nonexistent0 HTTP/1.1", host: "localhost", referrer: "http://localhost/"
2025/03/23 06:18:05 [error] 38#38: *11 open() "/usr/share/nginx/html/trigger-error/950" failed (2: No such file or directory), client: 172.18.0.1, server: localhost, request: "GET /trigger-error/950 HTTP/1.1", host: "localhost", referrer: "http://localhost/"
2025/03/23 06:18:05 [error] 39#39: *12 open() "/usr/share/nginx/html/trigger-error/181" failed (2: No such file or directory), client: 172.18.0.1, server: localhost, request: "GET /trigger-error/181 HTTP/1.1", host: "localhost", referrer: "http://localhost/"
2025/03/23 06:18:05 [error] 40#40: *13 open() "/usr/share/nginx/html/trigger-error/158" failed (2: No such file or directory), client: 172.18.0.1, server: localhost, request: "GET /trigger-error/158 HTTP/1.1", host: "localhost", referrer: "http://localhost/"
2025/03/23 06:18:05 [error] 38#38: *11 open() "/usr/share/nginx/html/trigger-error/598" failed (2: No such file or directory), client: 172.18.0.1, server: localhost, request: "GET /trigger-error/598 HTTP/1.1", host: "localhost", referrer: "http://localhost/"
2025/03/23 06:18:05 [error] 41#41: *14 open() "/usr/share/nginx/html/trigger-error/716" failed (2: No such file or directory), client: 172.18.0.1, server: localhost, request: "GET /trigger-error/716 HTTP/1.1", host: "localhost", referrer: "http://localhost/"
2025/03/23 06:18:05 [error] 42#42: *15 open() "/usr/share/nginx/html/trigger-error/618" failed (2: No such file or directory), client: 172.18.0.1, server: localhost, request: "GET /trigger-error/618 HTTP/1.1", host: "localhost", referrer: "http://localhost/"
2025/03/23 06:18:05 [error] 39#39: *12 open() "/usr/share/nginx/html/trigger-error/314" failed (2: No such file or directory), client: 172.18.0.1, server: localhost, request: "GET /trigger-error/314 HTTP/1.1", host: "localhost", referrer: "http://localhost/"
2025/03/23 06:18:05 [error] 40#40: *13 open() "/usr/share/nginx/html/trigger-error/60" failed (2: No such file or directory), client: 172.18.0.1, server: localhost, request: "GET /trigger-error/60 HTTP/1.1", host: "localhost", referrer: "http://localhost/"
2025/03/23 06:18:05 [error] 43#43: *16 open() "/usr/share/nginx/html/trigger-error/340" failed (2: No such file or directory), client: 172.18.0.1, server: localhost, request: "GET /trigger-error/340 HTTP/1.1", host: "localhost", referrer: "http://localhost/"
2025/03/23 06:18:05 [error] 38#38: *11 open() "/usr/share/nginx/html/trigger-error/944" failed (2: No such file or directory), client: 172.18.0.1, server: localhost, request: "GET /trigger-error/944 HTTP/1.1", host: "localhost", referrer: "http://localhost/"
2025/03/23 06:22:22 [error] 44#44: *17 open() "/usr/share/nginx/html/api/analytics" failed (2: No such file or directory), client: 172.18.0.1, server: localhost, request: "GET /api/analytics HTTP/1.1", host: "localhost", referrer: "http://localhost/"
2025/03/23 06:22:22 [error] 45#45: *18 open() "/usr/share/nginx/html/api/products" failed (2: No such file or directory), client: 172.18.0.1, server: localhost, request: "GET /api/products HTTP/1.1", host: "localhost", referrer: "http://localhost/"
2025/03/23 06:22:22 [error] 44#44: *17 open() "/usr/share/nginx/html/api/analytics" failed (2: No such file or directory), client: 172.18.0.1, server: localhost, request: "GET /api/analytics HTTP/1.1", host: "localhost", referrer: "http://localhost/"
2025/03/23 06:22:22 [error] 45#45: *18 open() "/usr/share/nginx/html/api/products" failed (2: No such file or directory), client: 172.18.0.1, server: localhost, request: "GET /api/products HTTP/1.1", host: "localhost", referrer: "http://localhost/"
2025/03/23 06:22:22 [error] 31#31: *19 open() "/usr/share/nginx/html/api/settings" failed (2: No such file or directory), client: 172.18.0.1, server: localhost, request: "GET /api/settings HTTP/1.1", host: "localhost", referrer: "http://localhost/"
2025/03/23 06:22:22 [error] 30#30: *20 open() "/usr/share/nginx/html/api/users" failed (2: No such file or directory), client: 172.18.0.1, server: localhost, request: "GET /api/users HTTP/1.1", host: "localhost", referrer: "http://localhost/"
2025/03/23 06:22:22 [error] 44#44: *17 open() "/usr/share/nginx/html/api/analytics" failed (2: No such file or directory), client: 172.18.0.1, server: localhost, request: "GET /api/analytics HTTP/1.1", host: "localhost", referrer: "http://localhost/"
2025/03/23 06:22:22 [error] 31#31: *19 open() "/usr/share/nginx/html/api/products" failed (2: No such file or directory), client: 172.18.0.1, server: localhost, request: "GET /api/products HTTP/1.1", host: "localhost", referrer: "http://localhost/"
2025/03/23 06:22:22 [error] 31#31: *19 open() "/usr/share/nginx/html/api/products" failed (2: No such file or directory), client: 172.18.0.1, server: localhost, request: "GET /api/products HTTP/1.1", host: "localhost", referrer: "http://localhost/"
2025/03/23 06:22:22 [error] 31#31: *19 open() "/usr/share/nginx/html/api/products" failed (2: No such file or directory), client: 172.18.0.1, server: localhost, request: "GET /api/products HTTP/1.1", host: "localhost", referrer: "http://localhost/"
2025/03/23 06:24:29 [error] 31#31: *22 open() "/usr/share/nginx/html/api/orders" failed (2: No such file or directory), client: 172.18.0.1, server: localhost, request: "GET /api/orders HTTP/1.1", host: "localhost", referrer: "http://localhost/"
2025/03/23 06:24:29 [error] 30#30: *23 open() "/usr/share/nginx/html/api/products" failed (2: No such file or directory), client: 172.18.0.1, server: localhost, request: "GET /api/products HTTP/1.1", host: "localhost", referrer: "http://localhost/"
2025/03/23 06:24:29 [error] 31#31: *21 open() "/usr/share/nginx/html/api/users" failed (2: No such file or directory), client: 172.18.0.1, server: localhost, request: "GET /api/users HTTP/1.1", host: "localhost", referrer: "http://localhost/"
2025/03/23 06:24:29 [error] 31#31: *24 open() "/usr/share/nginx/html/api/analytics" failed (2: No such file or directory), client: 172.18.0.1, server: localhost, request: "GET /api/analytics HTTP/1.1", host: "localhost", referrer: "http://localhost/"
2025/03/23 06:24:29 [error] 31#31: *21 open() "/usr/share/nginx/html/api/orders" failed (2: No such file or directory), client: 172.18.0.1, server: localhost, request: "GET /api/orders HTTP/1.1", host: "localhost", referrer: "http://localhost/"
2025/03/23 06:24:29 [error] 30#30: *23 open() "/usr/share/nginx/html/api/users" failed (2: No such file or directory), client: 172.18.0.1, server: localhost, request: "GET /api/users HTTP/1.1", host: "localhost", referrer: "http://localhost/"
2025/03/23 06:24:29 [error] 31#31: *22 open() "/usr/share/nginx/html/api/settings" failed (2: No such file or directory), client: 172.18.0.1, server: localhost, request: "GET /api/settings HTTP/1.1", host: "localhost", referrer: "http://localhost/"
2025/03/23 06:24:29 [error] 31#31: *24 open() "/usr/share/nginx/html/api/analytics" failed (2: No such file or directory), client: 172.18.0.1, server: localhost, request: "GET /api/analytics HTTP/1.1", host: "localhost", referrer: "http://localhost/"
2025/03/23 06:24:29 [error] 31#31: *21 open() "/usr/share/nginx/html/api/orders" failed (2: No such file or directory), client: 172.18.0.1, server: localhost, request: "GET /api/orders HTTP/1.1", host: "localhost", referrer: "http://localhost/"
2025/03/23 06:24:29 [error] 31#31: *21 open() "/usr/share/nginx/html/api/orders" failed (2: No such file or directory), client: 172.18.0.1, server: localhost, request: "GET /api/orders HTTP/1.1", host: "localhost", referrer: "http://localhost/"
2025/03/23 14:11:26 [error] 31#31: *4 open() "/usr/share/nginx/html/api/orders" failed (2: No such file or directory), client: 172.18.0.1, server: localhost, request: "GET /api/orders HTTP/1.1", host: "localhost", referrer: "http://localhost/"
2025/03/23 14:11:26 [error] 33#33: *3 open() "/usr/share/nginx/html/api/users" failed (2: No such file or directory), client: 172.18.0.1, server: localhost, request: "GET /api/users HTTP/1.1", host: "localhost", referrer: "http://localhost/"
2025/03/23 14:11:26 [error] 34#34: *5 open() "/usr/share/nginx/html/api/analytics" failed (2: No such file or directory), client: 172.18.0.1, server: localhost, request: "GET /api/analytics HTTP/1.1", host: "localhost", referrer: "http://localhost/"
2025/03/23 14:11:26 [error] 33#33: *3 open() "/usr/share/nginx/html/api/orders" failed (2: No such file or directory), client: 172.18.0.1, server: localhost, request: "GET /api/orders HTTP/1.1", host: "localhost", referrer: "http://localhost/"
2025/03/23 14:11:26 [error] 35#35: *6 open() "/usr/share/nginx/html/api/settings" failed (2: No such file or directory), client: 172.18.0.1, server: localhost, request: "GET /api/settings HTTP/1.1", host: "localhost", referrer: "http://localhost/"
2025/03/23 14:11:26 [error] 31#31: *4 open() "/usr/share/nginx/html/api/products" failed (2: No such file or directory), client: 172.18.0.1, server: localhost, request: "GET /api/products HTTP/1.1", host: "localhost", referrer: "http://localhost/"
2025/03/23 14:11:26 [error] 34#34: *5 open() "/usr/share/nginx/html/api/analytics" failed (2: No such file or directory), client: 172.18.0.1, server: localhost, request: "GET /api/analytics HTTP/1.1", host: "localhost", referrer: "http://localhost/"
2025/03/23 14:11:26 [error] 33#33: *3 open() "/usr/share/nginx/html/api/orders" failed (2: No such file or directory), client: 172.18.0.1, server: localhost, request: "GET /api/orders HTTP/1.1", host: "localhost", referrer: "http://localhost/"
2025/03/23 14:11:26 [error] 35#35: *6 open() "/usr/share/nginx/html/api/settings" failed (2: No such file or directory), client: 172.18.0.1, server: localhost, request: "GET /api/settings HTTP/1.1", host: "localhost", referrer: "http://localhost/"
2025/03/23 14:11:26 [error] 34#34: *5 open() "/usr/share/nginx/html/api/analytics" failed (2: No such file or directory), client: 172.18.0.1, server: localhost, request: "GET /api/analytics HTTP/1.1", host: "localhost", referrer: "http://localhost/"
2025/03/23 14:12:04 [error] 34#34: *5 open() "/usr/share/nginx/html/api/products/nonexistent826" failed (2: No such file or directory), client: 172.18.0.1, server: localhost, request: "GET /api/products/nonexistent826 HTTP/1.1", host: "localhost", referrer: "http://localhost/"
2025/03/23 14:12:04 [error] 35#35: *6 open() "/usr/share/nginx/html/api/products/nonexistent927" failed (2: No such file or directory), client: 172.18.0.1, server: localhost, request: "GET /api/products/nonexistent927 HTTP/1.1", host: "localhost", referrer: "http://localhost/"
2025/03/23 14:12:04 [error] 33#33: *3 open() "/usr/share/nginx/html/api/users/nonexistent340" failed (2: No such file or directory), client: 172.18.0.1, server: localhost, request: "GET /api/users/nonexistent340 HTTP/1.1", host: "localhost", referrer: "http://localhost/"
2025/03/23 14:12:04 [error] 33#33: *3 open() "/usr/share/nginx/html/api/settings/nonexistent6" failed (2: No such file or directory), client: 172.18.0.1, server: localhost, request: "GET /api/settings/nonexistent6 HTTP/1.1", host: "localhost", referrer: "http://localhost/"
2025/03/23 14:12:04 [error] 35#35: *6 open() "/usr/share/nginx/html/api/settings/nonexistent626" failed (2: No such file or directory), client: 172.18.0.1, server: localhost, request: "GET /api/settings/nonexistent626 HTTP/1.1", host: "localhost", referrer: "http://localhost/"
2025/03/23 14:12:04 [error] 34#34: *5 open() "/usr/share/nginx/html/api/users/nonexistent261" failed (2: No such file or directory), client: 172.18.0.1, server: localhost, request: "GET /api/users/nonexistent261 HTTP/1.1", host: "localhost", referrer: "http://localhost/"
2025/03/23 14:12:04 [error] 31#31: *4 open() "/usr/share/nginx/html/api/settings/nonexistent396" failed (2: No such file or directory), client: 172.18.0.1, server: localhost, request: "GET /api/settings/nonexistent396 HTTP/1.1", host: "localhost", referrer: "http://localhost/"
2025/03/23 14:12:04 [error] 33#33: *3 open() "/usr/share/nginx/html/api/settings/nonexistent864" failed (2: No such file or directory), client: 172.18.0.1, server: localhost, request: "GET /api/settings/nonexistent864 HTTP/1.1", host: "localhost", referrer: "http://localhost/"
2025/03/23 14:12:04 [error] 37#37: *7 open() "/usr/share/nginx/html/api/products/nonexistent163" failed (2: No such file or directory), client: 172.18.0.1, server: localhost, request: "GET /api/products/nonexistent163 HTTP/1.1", host: "localhost", referrer: "http://localhost/"
2025/03/23 14:12:04 [error] 36#36: *8 open() "/usr/share/nginx/html/api/orders/nonexistent869" failed (2: No such file or directory), client: 172.18.0.1, server: localhost, request: "GET /api/orders/nonexistent869 HTTP/1.1", host: "localhost", referrer: "http://localhost/"
2025/03/23 14:12:22 [error] 36#36: *8 open() "/usr/share/nginx/html/trigger-error/190" failed (2: No such file or directory), client: 172.18.0.1, server: localhost, request: "GET /trigger-error/190 HTTP/1.1", host: "localhost", referrer: "http://localhost/"
2025/03/23 14:12:22 [error] 37#37: *7 open() "/usr/share/nginx/html/trigger-error/81" failed (2: No such file or directory), client: 172.18.0.1, server: localhost, request: "GET /trigger-error/81 HTTP/1.1", host: "localhost", referrer: "http://localhost/"
2025/03/23 14:12:22 [error] 36#36: *8 open() "/usr/share/nginx/html/trigger-error/433" failed (2: No such file or directory), client: 172.18.0.1, server: localhost, request: "GET /trigger-error/433 HTTP/1.1", host: "localhost", referrer: "http://localhost/"
2025/03/23 14:12:22 [error] 37#37: *7 open() "/usr/share/nginx/html/trigger-error/77" failed (2: No such file or directory), client: 172.18.0.1, server: localhost, request: "GET /trigger-error/77 HTTP/1.1", host: "localhost", referrer: "http://localhost/"
2025/03/23 14:12:22 [error] 33#33: *3 open() "/usr/share/nginx/html/trigger-error/853" failed (2: No such file or directory), client: 172.18.0.1, server: localhost, request: "GET /trigger-error/853 HTTP/1.1", host: "localhost", referrer: "http://localhost/"
2025/03/23 14:12:22 [error] 31#31: *4 open() "/usr/share/nginx/html/trigger-error/899" failed (2: No such file or directory), client: 172.18.0.1, server: localhost, request: "GET /trigger-error/899 HTTP/1.1", host: "localhost", referrer: "http://localhost/"
2025/03/23 14:12:22 [error] 34#34: *5 open() "/usr/share/nginx/html/trigger-error/588" failed (2: No such file or directory), client: 172.18.0.1, server: localhost, request: "GET /trigger-error/588 HTTP/1.1", host: "localhost", referrer: "http://localhost/"
2025/03/23 14:12:22 [error] 35#35: *6 open() "/usr/share/nginx/html/trigger-error/661" failed (2: No such file or directory), client: 172.18.0.1, server: localhost, request: "GET /trigger-error/661 HTTP/1.1", host: "localhost", referrer: "http://localhost/"
2025/03/23 14:12:22 [error] 36#36: *8 open() "/usr/share/nginx/html/trigger-error/751" failed (2: No such file or directory), client: 172.18.0.1, server: localhost, request: "GET /trigger-error/751 HTTP/1.1", host: "localhost", referrer: "http://localhost/"
2025/03/23 14:12:22 [error] 37#37: *7 open() "/usr/share/nginx/html/trigger-error/630" failed (2: No such file or directory), client: 172.18.0.1, server: localhost, request: "GET /trigger-error/630 HTTP/1.1", host: "localhost", referrer: "http://localhost/"
2025/03/23 14:15:53 [error] 31#31: *2 open() "/usr/share/nginx/html/api/products/nonexistent58" failed (2: No such file or directory), client: 172.18.0.1, server: localhost, request: "GET /api/products/nonexistent58 HTTP/1.1", host: "localhost", referrer: "http://localhost/"
2025/03/23 14:15:53 [error] 33#33: *3 open() "/usr/share/nginx/html/api/orders/nonexistent684" failed (2: No such file or directory), client: 172.18.0.1, server: localhost, request: "GET /api/orders/nonexistent684 HTTP/1.1", host: "localhost", referrer: "http://localhost/"
2025/03/23 14:15:53 [error] 32#32: *4 open() "/usr/share/nginx/html/api/orders/nonexistent205" failed (2: No such file or directory), client: 172.18.0.1, server: localhost, request: "GET /api/orders/nonexistent205 HTTP/1.1", host: "localhost", referrer: "http://localhost/"
2025/03/23 14:15:53 [error] 32#32: *4 open() "/usr/share/nginx/html/api/analytics/nonexistent189" failed (2: No such file or directory), client: 172.18.0.1, server: localhost, request: "GET /api/analytics/nonexistent189 HTTP/1.1", host: "localhost", referrer: "http://localhost/"
2025/03/23 14:15:53 [error] 33#33: *3 open() "/usr/share/nginx/html/api/settings/nonexistent446" failed (2: No such file or directory), client: 172.18.0.1, server: localhost, request: "GET /api/settings/nonexistent446 HTTP/1.1", host: "localhost", referrer: "http://localhost/"
2025/03/23 14:15:53 [error] 31#31: *2 open() "/usr/share/nginx/html/api/analytics/nonexistent828" failed (2: No such file or directory), client: 172.18.0.1, server: localhost, request: "GET /api/analytics/nonexistent828 HTTP/1.1", host: "localhost", referrer: "http://localhost/"
2025/03/23 14:15:53 [error] 35#35: *5 open() "/usr/share/nginx/html/api/orders/nonexistent922" failed (2: No such file or directory), client: 172.18.0.1, server: localhost, request: "GET /api/orders/nonexistent922 HTTP/1.1", host: "localhost", referrer: "http://localhost/"
2025/03/23 14:15:53 [error] 34#34: *6 open() "/usr/share/nginx/html/api/analytics/nonexistent321" failed (2: No such file or directory), client: 172.18.0.1, server: localhost, request: "GET /api/analytics/nonexistent321 HTTP/1.1", host: "localhost", referrer: "http://localhost/"
2025/03/23 14:15:53 [error] 32#32: *4 open() "/usr/share/nginx/html/api/settings/nonexistent318" failed (2: No such file or directory), client: 172.18.0.1, server: localhost, request: "GET /api/settings/nonexistent318 HTTP/1.1", host: "localhost", referrer: "http://localhost/"
2025/03/23 14:15:53 [error] 36#36: *7 open() "/usr/share/nginx/html/api/products/nonexistent780" failed (2: No such file or directory), client: 172.18.0.1, server: localhost, request: "GET /api/products/nonexistent780 HTTP/1.1", host: "localhost", referrer: "http://localhost/"
2025/03/23 14:16:08 [error] 36#36: *7 open() "/usr/share/nginx/html/trigger-error/440" failed (2: No such file or directory), client: 172.18.0.1, server: localhost, request: "GET /trigger-error/440 HTTP/1.1", host: "localhost", referrer: "http://localhost/"
2025/03/23 14:16:08 [error] 32#32: *4 open() "/usr/share/nginx/html/trigger-error/354" failed (2: No such file or directory), client: 172.18.0.1, server: localhost, request: "GET /trigger-error/354 HTTP/1.1", host: "localhost", referrer: "http://localhost/"
2025/03/23 14:16:08 [error] 34#34: *6 open() "/usr/share/nginx/html/trigger-error/816" failed (2: No such file or directory), client: 172.18.0.1, server: localhost, request: "GET /trigger-error/816 HTTP/1.1", host: "localhost", referrer: "http://localhost/"
2025/03/23 14:16:08 [error] 34#34: *6 open() "/usr/share/nginx/html/trigger-error/498" failed (2: No such file or directory), client: 172.18.0.1, server: localhost, request: "GET /trigger-error/498 HTTP/1.1", host: "localhost", referrer: "http://localhost/"
2025/03/23 14:16:08 [error] 34#34: *6 open() "/usr/share/nginx/html/trigger-error/362" failed (2: No such file or directory), client: 172.18.0.1, server: localhost, request: "GET /trigger-error/362 HTTP/1.1", host: "localhost", referrer: "http://localhost/"
2025/03/23 14:16:08 [error] 36#36: *7 open() "/usr/share/nginx/html/trigger-error/419" failed (2: No such file or directory), client: 172.18.0.1, server: localhost, request: "GET /trigger-error/419 HTTP/1.1", host: "localhost", referrer: "http://localhost/"
2025/03/23 14:16:08 [error] 32#32: *4 open() "/usr/share/nginx/html/trigger-error/713" failed (2: No such file or directory), client: 172.18.0.1, server: localhost, request: "GET /trigger-error/713 HTTP/1.1", host: "localhost", referrer: "http://localhost/"
2025/03/23 14:16:08 [error] 35#35: *5 open() "/usr/share/nginx/html/trigger-error/683" failed (2: No such file or directory), client: 172.18.0.1, server: localhost, request: "GET /trigger-error/683 HTTP/1.1", host: "localhost", referrer: "http://localhost/"
2025/03/23 14:16:08 [error] 31#31: *2 open() "/usr/share/nginx/html/trigger-error/807" failed (2: No such file or directory), client: 172.18.0.1, server: localhost, request: "GET /trigger-error/807 HTTP/1.1", host: "localhost", referrer: "http://localhost/"
2025/03/23 14:16:08 [error] 33#33: *3 open() "/usr/share/nginx/html/trigger-error/528" failed (2: No such file or directory), client: 172.18.0.1, server: localhost, request: "GET /trigger-error/528 HTTP/1.1", host: "localhost", referrer: "http://localhost/"
2025/03/23 14:23:02 [error] 32#32: *3 open() "/usr/share/nginx/html/trigger-error/229" failed (2: No such file or directory), client: 172.18.0.1, server: localhost, request: "GET /trigger-error/229 HTTP/1.1", host: "localhost", referrer: "http://localhost/"
2025/03/23 14:23:02 [error] 32#32: *3 open() "/usr/share/nginx/html/trigger-error/170" failed (2: No such file or directory), client: 172.18.0.1, server: localhost, request: "GET /trigger-error/170 HTTP/1.1", host: "localhost", referrer: "http://localhost/"
2025/03/23 14:23:02 [error] 35#35: *6 open() "/usr/share/nginx/html/trigger-error/929" failed (2: No such file or directory), client: 172.18.0.1, server: localhost, request: "GET /trigger-error/929 HTTP/1.1", host: "localhost", referrer: "http://localhost/"
2025/03/23 14:23:02 [error] 33#33: *4 open() "/usr/share/nginx/html/trigger-error/999" failed (2: No such file or directory), client: 172.18.0.1, server: localhost, request: "GET /trigger-error/999 HTTP/1.1", host: "localhost", referrer: "http://localhost/"
2025/03/23 14:23:02 [error] 37#37: *7 open() "/usr/share/nginx/html/trigger-error/81" failed (2: No such file or directory), client: 172.18.0.1, server: localhost, request: "GET /trigger-error/81 HTTP/1.1", host: "localhost", referrer: "http://localhost/"
2025/03/23 14:23:02 [error] 37#37: *8 open() "/usr/share/nginx/html/trigger-error/233" failed (2: No such file or directory), client: 172.18.0.1, server: localhost, request: "GET /trigger-error/233 HTTP/1.1", host: "localhost", referrer: "http://localhost/"
2025/03/23 14:23:02 [error] 32#32: *3 open() "/usr/share/nginx/html/trigger-error/620" failed (2: No such file or directory), client: 172.18.0.1, server: localhost, request: "GET /trigger-error/620 HTTP/1.1", host: "localhost", referrer: "http://localhost/"
2025/03/23 14:23:02 [error] 34#34: *5 open() "/usr/share/nginx/html/trigger-error/407" failed (2: No such file or directory), client: 172.18.0.1, server: localhost, request: "GET /trigger-error/407 HTTP/1.1", host: "localhost", referrer: "http://localhost/"
2025/03/23 14:23:02 [error] 33#33: *4 open() "/usr/share/nginx/html/trigger-error/901" failed (2: No such file or directory), client: 172.18.0.1, server: localhost, request: "GET /trigger-error/901 HTTP/1.1", host: "localhost", referrer: "http://localhost/"
2025/03/23 14:23:02 [error] 37#37: *7 open() "/usr/share/nginx/html/trigger-error/528" failed (2: No such file or directory), client: 172.18.0.1, server: localhost, request: "GET /trigger-error/528 HTTP/1.1", host: "localhost", referrer: "http://localhost/"
2025/03/23 14:23:17 [error] 33#33: *4 open() "/usr/share/nginx/html/trigger-error/780" failed (2: No such file or directory), client: 172.18.0.1, server: localhost, request: "GET /trigger-error/780 HTTP/1.1", host: "localhost", referrer: "http://localhost/"
2025/03/23 14:23:17 [error] 34#34: *5 open() "/usr/share/nginx/html/trigger-error/327" failed (2: No such file or directory), client: 172.18.0.1, server: localhost, request: "GET /trigger-error/327 HTTP/1.1", host: "localhost", referrer: "http://localhost/"
2025/03/23 14:23:17 [error] 37#37: *7 open() "/usr/share/nginx/html/trigger-error/723" failed (2: No such file or directory), client: 172.18.0.1, server: localhost, request: "GET /trigger-error/723 HTTP/1.1", host: "localhost", referrer: "http://localhost/"
2025/03/23 14:23:17 [error] 33#33: *4 open() "/usr/share/nginx/html/trigger-error/21" failed (2: No such file or directory), client: 172.18.0.1, server: localhost, request: "GET /trigger-error/21 HTTP/1.1", host: "localhost", referrer: "http://localhost/"
2025/03/23 14:23:17 [error] 37#37: *7 open() "/usr/share/nginx/html/trigger-error/540" failed (2: No such file or directory), client: 172.18.0.1, server: localhost, request: "GET /trigger-error/540 HTTP/1.1", host: "localhost", referrer: "http://localhost/"
2025/03/23 14:23:17 [error] 34#34: *5 open() "/usr/share/nginx/html/trigger-error/32" failed (2: No such file or directory), client: 172.18.0.1, server: localhost, request: "GET /trigger-error/32 HTTP/1.1", host: "localhost", referrer: "http://localhost/"
2025/03/23 14:23:17 [error] 37#37: *8 open() "/usr/share/nginx/html/trigger-error/524" failed (2: No such file or directory), client: 172.18.0.1, server: localhost, request: "GET /trigger-error/524 HTTP/1.1", host: "localhost", referrer: "http://localhost/"
2025/03/23 14:23:17 [error] 35#35: *6 open() "/usr/share/nginx/html/trigger-error/958" failed (2: No such file or directory), client: 172.18.0.1, server: localhost, request: "GET /trigger-error/958 HTTP/1.1", host: "localhost", referrer: "http://localhost/"
2025/03/23 14:23:17 [error] 32#32: *3 open() "/usr/share/nginx/html/trigger-error/38" failed (2: No such file or directory), client: 172.18.0.1, server: localhost, request: "GET /trigger-error/38 HTTP/1.1", host: "localhost", referrer: "http://localhost/"
2025/03/23 14:23:17 [error] 34#34: *5 open() "/usr/share/nginx/html/trigger-error/253" failed (2: No such file or directory), client: 172.18.0.1, server: localhost, request: "GET /trigger-error/253 HTTP/1.1", host: "localhost", referrer: "http://localhost/"
2025/03/23 14:31:15 [error] 23#23: *2 open() "/usr/share/nginx/html/trigger-error/837" failed (2: No such file or directory), client: 172.18.0.1, server: localhost, request: "GET /trigger-error/837 HTTP/1.1", host: "localhost", referrer: "http://localhost/"
2025/03/23 14:31:15 [error] 22#22: *1 open() "/usr/share/nginx/html/trigger-error/405" failed (2: No such file or directory), client: 172.18.0.1, server: localhost, request: "GET /trigger-error/405 HTTP/1.1", host: "localhost", referrer: "http://localhost/"
2025/03/23 14:31:15 [error] 33#33: *3 open() "/usr/share/nginx/html/trigger-error/88" failed (2: No such file or directory), client: 172.18.0.1, server: localhost, request: "GET /trigger-error/88 HTTP/1.1", host: "localhost", referrer: "http://localhost/"
2025/03/23 14:31:15 [error] 32#32: *4 open() "/usr/share/nginx/html/trigger-error/703" failed (2: No such file or directory), client: 172.18.0.1, server: localhost, request: "GET /trigger-error/703 HTTP/1.1", host: "localhost", referrer: "http://localhost/"
2025/03/23 14:31:15 [error] 22#22: *1 open() "/usr/share/nginx/html/trigger-error/491" failed (2: No such file or directory), client: 172.18.0.1, server: localhost, request: "GET /trigger-error/491 HTTP/1.1", host: "localhost", referrer: "http://localhost/"
2025/03/23 14:31:15 [error] 23#23: *2 open() "/usr/share/nginx/html/trigger-error/564" failed (2: No such file or directory), client: 172.18.0.1, server: localhost, request: "GET /trigger-error/564 HTTP/1.1", host: "localhost", referrer: "http://localhost/"
2025/03/23 14:31:15 [error] 32#32: *4 open() "/usr/share/nginx/html/trigger-error/74" failed (2: No such file or directory), client: 172.18.0.1, server: localhost, request: "GET /trigger-error/74 HTTP/1.1", host: "localhost", referrer: "http://localhost/"
2025/03/23 14:31:15 [error] 36#36: *5 open() "/usr/share/nginx/html/trigger-error/925" failed (2: No such file or directory), client: 172.18.0.1, server: localhost, request: "GET /trigger-error/925 HTTP/1.1", host: "localhost", referrer: "http://localhost/"
2025/03/23 14:31:15 [error] 33#33: *3 open() "/usr/share/nginx/html/trigger-error/663" failed (2: No such file or directory), client: 172.18.0.1, server: localhost, request: "GET /trigger-error/663 HTTP/1.1", host: "localhost", referrer: "http://localhost/"
2025/03/23 14:31:15 [error] 22#22: *1 open() "/usr/share/nginx/html/trigger-error/181" failed (2: No such file or directory), client: 172.18.0.1, server: localhost, request: "GET /trigger-error/181 HTTP/1.1", host: "localhost", referrer: "http://localhost/"
